---
source: contract-message-predicate/src/script_asm.rs
expression: serialized
---
1a40500091000050504500205049102461540117614c011d5050c02c60453020604940042d45540a240000009532d7ae
